// Jest Snapshot v1, https://goo.gl/fbAQLP

exports[`<Button/> should render a default button 1`] = `
<styled.button
  fullWidth={false}
  leftIconComponent={null}
  margin="0px"
  rightIconComponent={null}
  theme={
    Object {
      "size": Object {
        "default": "15px 36px",
        "medium": "12px 20px",
        "mini": "6px 14px",
        "small": "8px 18px",
      },
      "type": Object {
        "danger": "#FE0C0D",
        "default": "#d8dadd",
        "primary": "#3A77F8",
        "success": "#4FD496",
        "text": "transparent",
        "warning": "#FAAF27",
      },
    }
  }
>
  Hello Jest!
</styled.button>
`;
